// Jest Snapshot v1, https://goo.gl/fbAQLP

exports[`TodoRow Matches snapshot todo list 1`] = `null`;
